// Vitest Snapshot v1, https://vitest.dev/guide/snapshot.html

exports[`DeployErrorDialog - ModuleIsNotAdded > should render without crashing 1`] = `
{
  "body": <Styled(p)>
    The appâ€™s main file 
    <Styled(code)>
      module
    </Styled(code)>
     has not been pushed to GitHub. Please add it to continue.
  </Styled(p)>,
  "title": "Unable to deploy",
}
`;
